// Jest Snapshot v1, https://goo.gl/fbAQLP

exports[`Login page Render check 1`] = `
<div>
  <form>
    <div
      class="css-1yajsyc"
    >
      <section
        class="css-2cjm8q"
      >
        <h2>
          Login
        </h2>
        <p>
          <label
            class="css-1vw5dmc"
            height="8"
            width="20"
          >
            <span
              class="css-1grri41"
            >
              Identifier
            </span>
            <div
              class="css-52ovgc"
            >
              <input
                class="css-1vniage"
                name="identifier"
                placeholder="username or email"
              />
            </div>
            <span
              class="css-1reg724"
            />
          </label>
          <label
            class="css-1vw5dmc"
            height="8"
            width="20"
          >
            <span
              class="css-1grri41"
            >
              Password
            </span>
            <div
              class="css-52ovgc"
            >
              <input
                class="css-1vniage"
                name="password"
                placeholder="password"
              />
            </div>
            <span
              class="css-1reg724"
            />
          </label>
          <button
            class="css-1s99dgh"
            color="primary"
            type="submit"
          >
            Sign In
          </button>
          <h3>
            <a
              class="css-u7kmks"
              href="/registration"
            >
              Create Account
            </a>
          </h3>
        </p>
      </section>
    </div>
  </form>
</div>
`;
