// Jest Snapshot v1, https://goo.gl/fbAQLP

exports[`Registration Page Render check 1`] = `
<div>
  <form>
    <div
      class="css-1yajsyc"
    >
      <section
        class="css-2cjm8q"
      >
        <h2>
          Create an account
        </h2>
        <p>
          <label
            class="css-1i94xqg"
            height="7"
            width="20"
          >
            <span
              class="css-1grri41"
            >
              username
            </span>
            <div
              class="css-52ovgc"
            >
              <input
                class="css-1vniage"
                name="username"
                placeholder="username"
              />
            </div>
            <span
              class="css-1reg724"
              role="alert"
            >
               
            </span>
          </label>
          <label
            class="css-1i94xqg"
            height="7"
            width="20"
          >
            <span
              class="css-1grri41"
            >
              email
            </span>
            <div
              class="css-52ovgc"
            >
              <input
                class="css-1vniage"
                name="email"
                placeholder="email"
                type="email"
              />
            </div>
            <span
              class="css-1reg724"
              role="alert"
            >
               
            </span>
          </label>
          <label
            class="css-1i94xqg"
            height="7"
            width="20"
          >
            <span
              class="css-1grri41"
            >
              password
            </span>
            <div
              class="css-52ovgc"
            >
              <input
                class="css-1vniage"
                name="password"
                placeholder="password"
                role="textbox"
                type="password"
              />
            </div>
            <span
              class="css-1reg724"
              role="alert"
            >
               
            </span>
          </label>
          <button
            class="css-1s99dgh"
            color="primary"
            type="submit"
          >
            Sign Up
          </button>
          <h3>
            <a
              class="css-u7kmks"
              href="/login"
            >
              Login
            </a>
          </h3>
        </p>
      </section>
    </div>
  </form>
</div>
`;
